<!DOCTYPE html>
<html>
<head>
    <meta http-equiv="content-type" content="text/html; charset=utf-8" />
    <title>Super awesome docs</title>

    <link type="text/css" rel="stylesheet" href="assets/css/reset.css">
    <link type="text/css" rel="stylesheet" href="http://yandex.st/highlightjs/6.1/styles/sunburst.min.css">
    <link type="text/css" rel="stylesheet" href="assets/css/docs.css">
    <link type="text/css" rel="stylesheet" href="assets/css/print.css" media="print">
    

    <script type="text/javascript" src="assets/js/jquery-1.10.1.min.js"></script>
    <script type="text/javascript" src="http://yandex.st/highlightjs/6.1/highlight.min.js"></script>
    <script type="text/javascript" src="assets/js/lunr.min.js"></script>

    

    <script type="text/javascript">var BASE_URL = "";</script>
    <script type="text/javascript" src="assets/js/viewer.js"></script>

    
</head>
<body>
    <div id="page">
        <a name="top" />
        <header id="header">
            <h1><a href="">Super awesome docs</a></h1>
        </header>
        

<div id="sidebar">
    <form action="search.html"><input id="search" type="text" placeholder="Search" name="q" /></form>
    <nav id="toc">
        
    <ol>
    
        <li>
            <a href="changelog.html#an-awesome-changelog">An awesome changelog</a>
            
                
    <ol>
    
        <li>
            <a href="changelog.html#version-010">Version 0.1.0</a>
            
        </li>
    
</ol>

            
        </li>
    
        <li>
            <a href="docs.html#grunt-beautiful-docs">grunt-beautiful-docs</a>
            
                
    <ol>
    
        <li>
            <a href="docs.html#installation">Installation</a>
            
        </li>
    
</ol>

            
        </li>
    
</ol>

    </nav>
    
    <nav id="links">
        <ul>
            
        </ul>
    </nav>
    
</div>

        <div id="content">
            <h1 id="grunt-beautiful-docs">grunt-beautiful-docs</h1>
<h2 id="installation">Installation</h2>
<pre><code class="lang-js">npm install grunt-beautiful-docs
</code></pre>




        </div>
        <footer id="footer">
            Powered by <a href="http://github.com/maximebf/beautiful-docs">beautiful-docs</a> -
            <a href="#top">Back to top</a> - <a href="all.html">Everything on a single page</a>
            - <a href="?print=1">Print current page</a> - <a href="all.html?print=1">Print all pages</a>
            
        </footer>
    </div>
</body>
</html>
