<!DOCTYPE html>
<html>
<head>
    <meta http-equiv="content-type" content="text/html; charset=utf-8" />
    <title>Awesome docs</title>

    <link type="text/css" rel="stylesheet" href="true/assets/css/reset.css">
    <link type="text/css" rel="stylesheet" href="http://yandex.st/highlightjs/6.1/styles/sunburst.min.css">
    <link type="text/css" rel="stylesheet" href="true/assets/css/docs.css">
    <link type="text/css" rel="stylesheet" href="true/assets/css/print.css" media="print">
    

    <script type="text/javascript" src="true/assets/js/jquery-1.10.1.min.js"></script>
    <script type="text/javascript" src="http://yandex.st/highlightjs/6.1/highlight.min.js"></script>
    <script type="text/javascript" src="true/assets/js/lunr.min.js"></script>

    

    <script type="text/javascript">var BASE_URL = "true/";</script>
    <script type="text/javascript" src="true/assets/js/viewer.js"></script>

    
</head>
<body>
    <div id="page">
        <a name="top" />
        <header id="header">
            <h1><a href="true/">Awesome docs</a></h1>
        </header>
        

<div id="sidebar">
    <form action="true/search.html"><input id="search" type="text" placeholder="Search" name="q" /></form>
    <nav id="toc">
        
    <ol>
    
        <li>
            <a href="true/readme.html#documentation">Documentation</a>
            
                
    <ol>
    
</ol>

            
        </li>
    
</ol>

    </nav>
    
    <nav id="links">
        <ul>
            
        </ul>
    </nav>
    
</div>

        <div id="content">
            <h1 id="documentation">Documentation</h1>
<p>My custom page for &lt;%= @manifest.title %&gt;</p>




        </div>
        <footer id="footer">
            Powered by <a href="http://github.com/maximebf/beautiful-docs">beautiful-docs</a> -
            <a href="#top">Back to top</a> - <a href="true/all.html">Everything on a single page</a>
            - <a href="?print=1">Print current page</a> - <a href="true/all.html?print=1">Print all pages</a>
            
        </footer>
    </div>
</body>
</html>
